// Jest Snapshot v1, https://goo.gl/fbAQLP

exports[`renders overall email as expected 1`] = `
"The state completed their edits on submission MCR-MN-0003-SNBC<br />
<br />
<b>Submitted by:</b> bob@example.com<br />
<b>Updated on:</b> 02/01/2022<br />
<b>Changes made:</b> Added more contract details.<br />
<b>Rate names</b>:
<ul>
<li>MCR-MN-0003-MSHO-RATE-20210101-20220101-CERTIFICATION-20210102</li>
<li>MCR-MN-0003-SNBC-RATE-20220201-20230201-CERTIFICATION-20220202</li>
</ul>
<br />
<a href=\\"http://localhost/submissions/test-abc-125\\">View the full submission</a>
"
`;
